// Jest Snapshot v1, https://goo.gl/fbAQLP

exports[`testing for Container presentation renders the container page with all of its components 1`] = `
<ul
  aria-label="history-list"
  class="historyList"
>
  <h2>
    Your History
  </h2>
  <li
    class="listItem"
  >
    <div>
      GET
       
      https://alchemeetings.alchemycodelab.io/?
    </div>
  </li>
  <li
    class="listItem"
  >
    <div>
      POST
       
      http://codethebomb.com
    </div>
  </li>
  <li
    class="listItem"
  >
    <div>
      PUT
       
      https://github.com/
    </div>
  </li>
  <li
    class="listItem"
  >
    <div>
      DELETE
       
      https://rickandmortyapi.com/documentation
    </div>
  </li>
</ul>
`;

exports[`testing for Container presentation renders the container page with all of its components 2`] = `
<div
  aria-label="json-results"
  class="results"
>
  <h3>
    Results:
  </h3>
  <p>
    "[{fake: but real to me}]"
  </p>
</div>
`;
